C51 COMPILER V9.60.0.0   MAIN                                                              08/26/2024 18:54:12 PAGE 1   


C51 COMPILER V9.60.0.0, COMPILATION OF MODULE MAIN
OBJECT MODULE PLACED IN .\Objects\main.obj
COMPILER INVOKED BY: D:\Keil_v5\C51\BIN\C51.EXE main.c OPTIMIZE(8,SPEED) BROWSE DEBUG OBJECTEXTEND PRINT(.\Listings\main
                    -.lst) TABS(2) OBJECT(.\Objects\main.obj)

line level    source

   1          #include <reg52.h>
   2          
   3          #define TIMS (65536 - 9216)  //定时器10ms定时,由晶振频率/12
   4          
   5          sbit led = P2^0;
   6          int count = 0;
   7          
   8          //10ms触发一次
   9          void timer0() interrupt 1
  10          {
  11   1        count++;
  12   1        if(count >= 100)
  13   1        {
  14   2          count = 0;
  15   2          led = ~led;
  16   2        }
  17   1        //重新装载
  18   1        TL0 = TIMS; //0b0000 0000 ,自动去除高八位
  19   1        TH0 = TIMS >> 8; //右移8位
  20   1      }
  21          
  22          void main(){
  23   1        //设置定时器0的模式为16位,设置时钟源为系统时钟'
  24   1        TMOD = 0x01; //设置GATE为1,打开定时器
  25   1        TR0 = 1;
  26   1        
  27   1        //设置预装载值,是的定时时间是10ms一次
  28   1        //10ms触发一次
  29   1        TL0 = TIMS; //0b0000 0000 ,自动去除高八位
  30   1        TH0 = TIMS >> 8; //右移8位
  31   1        
  32   1        ET0 = 1; //打开定时器0的中断开关
  33   1        EA = 1; //总中断开关
  34   1        
  35   1        while(1){
  36   2          
  37   2        }
  38   1      }


MODULE INFORMATION:   STATIC OVERLAYABLE
   CODE SIZE        =     59    ----
   CONSTANT SIZE    =   ----    ----
   XDATA SIZE       =   ----    ----
   PDATA SIZE       =   ----    ----
   DATA SIZE        =      2    ----
   IDATA SIZE       =   ----    ----
   BIT SIZE         =   ----    ----
END OF MODULE INFORMATION.


C51 COMPILATION COMPLETE.  0 WARNING(S),  0 ERROR(S)
